---
source: crates/alder-parse/src/markup/directive.rs
description: "<p>@if x { <b>y</b>"
---
Markup(
    Child(
        If(
            Body(
                End(
                    1,
                    20,
                ),
                1,
                10,
            ),
            1,
            4,
        ),
        1,
        4,
    ),
    1,
    1,
)
