---
source: crates/alder-parse/src/query.rs
description: "query { select * from users where limit > 3 }"
---
Query(
    Select(
        Where(
            SqlKeyword(
                Limit,
                1,
                35,
            ),
            1,
            35,
        ),
        1,
        9,
    ),
    1,
    1,
)
