---
source: crates/alder-can/src/canonicalize.rs
expression: "can_error(\"#[derive(\\\"Eq\\\")]\\nenum Status { Ready }\")"
---
[
    Error {
        region: Region {
            start: Position {
                line: 1,
                column: 10,
            },
            end: Position {
                line: 1,
                column: 14,
            },
        },
        kind: Attribute(
            InvalidDerive {
                reason: "derive arguments must be trait names",
            },
        ),
    },
]
