---
source: crates/alder-driver/src/compile/tests/web.rs
description: "pub component View() { <div title={42} /> }"
---
alder::type::type_mismatch

  × type mismatch: expected `String`, found `Number`
   ╭─[/project/src/main.ald:1:36]
 1 │ pub component View() { <div title={42} /> }
   ·                                    ─┬
   ·                                     ╰── these types are incompatible
   ╰────
