---
source: crates/alder-driver/src/compile.rs
description: "trait Convert[a] { fn convert(value: a, other: b) b }\nimpl Convert[Number] {\n    fn convert(value: Number, other: b) b { 42 }\n}\n"
---
alder::type::generic_specialization

  × this implementation does not work for every `b`
   ╭─[/project/src/main.ald:2:1]
 1 │     trait Convert[a] { fn convert(value: a, other: b) b }
 2 │ ╭─▶ impl Convert[Number] {
 3 │ │       fn convert(value: Number, other: b) b { 42 }
 4 │ ├─▶ }
   · ╰──── the signature promises an independent `b`, but the body requires `Number`
   ╰────
  help: use the same value generically, or give the declaration a concrete
        signature; a trait implementation must preserve the trait's generic
        contract
