---
source: crates/alder-driver/src/compile.rs
description: "import task\nasync fn make() {\n    () -> task.sleep(1).await\n}\n"
---
alder::canonicalize::await_outside_async

  × `.await` needs an enclosing async body
   ╭─[/project/src/main.ald:3:11]
 2 │ async fn make() {
 3 │     () -> task.sleep(1).await
   ·           ─────────┬─────────
   ·                    ╰── reported here
 4 │ }
   ╰────
  help: use `async fn` or an `async { ... }` block
