---
source: crates/alder-driver/src/compile.rs
description: "impl Show[Number] {\n    fn show(value: Number) -> String { \"number\" }\n}\n"
---
alder::trait::orphan_impl

  × orphan implementation `Show[Number]`: this package defines neither the
  │ trait (the standard library) nor the subject type (the standard library)
   ╭─[/project/src/main.ald:1:1]
 1 │ ╭─▶ impl Show[Number] {
 2 │ │       fn show(value: Number) -> String { "number" }
 3 │ ├─▶ }
   · ╰──── this package owns neither side of the implementation
   ╰────
  help: define either the trait or subject type in this package, or move the
        impl to a package that does
