---
source: crates/alder-driver/src/compile.rs
description: "let (first, second third) = value"
---
alder::syntax

  × I was expecting `,` or `)` after this pattern
   ╭─[/project/src/main.ald:1:20]
 1 │ let (first, second third) = value
   ·     ┬              ┬
   ·     │              ╰── expected `,` or `)`
   ·     ╰── this `(` opens here
   ╰────
  help: separate tuple patterns with commas and close the parentheses with `)`
