---
source: crates/alder-driver/src/compile.rs
description: "import @vendor/widgets.{ Alias }\nfn unrelated() Number { 42 }\ntrait Marker[a] { fn pass(value: a) a { value } }\nimpl Marker[Alias] {}\n"
---
alder::trait::named_error_group_impl

  × cannot define a custom trait implementation for error group `Failure`
   ╭─[/project/src/main.ald:4:1]
 3 │ trait Marker[a] { fn pass(value: a) a { value } }
 4 │ impl Marker[Alias] {}
   · ──────────┬──────────
   ·           ╰── this error group names a structural row, not a distinct type
   ╰────
  help: define an enum wrapper if you need a distinct type with custom trait
        behavior
