---
source: crates/alder-driver/src/report/syntax_tests.rs
description: "macro value(one two) {}"
---
alder::syntax

  × I was expecting a comma or the end of this macro's parameters
   ╭─[/project/src/main.ald:1:17]
 1 │ macro value(one two) {}
   · ┬               ┬
   · │               ╰── expected `,` or `)`
   · ╰── this macro declaration starts here
   ╰────
