---
source: crates/alder-driver/src/report/syntax_tests.rs
description: "let x = a :: b"
---
alder::syntax

  × `::` is not a binary operator in Alder
   ╭─[/project/src/main.ald:1:11]
 1 │ let x = a :: b
   · ┬         ─┬
   · │          ╰── unsupported operator
   · ╰── this binding starts here
   ╰────
  help: `::` separates path members, as in `Option::Some`; it is not a list
        constructor
