---
source: crates/alder-driver/src/report/syntax_tests.rs
description: "let value = query { select * from users join posts on }"
---
alder::syntax

  × I was expecting a join condition after `on`
   ╭─[/project/src/main.ald:1:55]
 1 │ let value = query { select * from users join posts on }
   ·                                         ┬             ┬
   ·                                         │             ╰── expected an expression
   ·                                         ╰── this join starts here
   ╰────
