---
source: crates/alder-driver/src/report/syntax_tests.rs
description: "let value = query { select * from users limit }"
---
alder::syntax

  × I was expecting a value after `limit`
   ╭─[/project/src/main.ald:1:47]
 1 │ let value = query { select * from users limit }
   ·                     ┬                         ┬
   ·                     │                         ╰── expected an expression
   ·                     ╰── this `select` starts here
   ╰────
