---
source: crates/alder-solve/tests/inference.rs
description: "fn display(user: { id: Number, name?: String, profile: { bio?: String, active: Bool, score?: Number } }) {\n    (user.name, user.profile.bio, user.profile.active)\n}\n"
---
display: fn({ id: Number, name: Option[String], profile: { active: Bool, bio: Option[String], score: Option[Number] } }) (Option[String], Option[String], Bool)
