---
source: crates/alder-parse/src/expression/match_.rs
description: "match x { _ => 0 }"
---
Located {
    region: Region {
        start: Position {
            line: 1,
            column: 1,
        },
        end: Position {
            line: 1,
            column: 19,
        },
    },
    value: Match {
        scrutinee: Located {
            region: Region {
                start: Position {
                    line: 1,
                    column: 7,
                },
                end: Position {
                    line: 1,
                    column: 8,
                },
            },
            value: Var(
                "x",
            ),
        },
        arms: [
            MatchArm {
                patterns: [
                    Located {
                        region: Region {
                            start: Position {
                                line: 1,
                                column: 11,
                            },
                            end: Position {
                                line: 1,
                                column: 12,
                            },
                        },
                        value: Anything,
                    },
                ],
                guard: None,
                body: Located {
                    region: Region {
                        start: Position {
                            line: 1,
                            column: 16,
                        },
                        end: Position {
                            line: 1,
                            column: 17,
                        },
                    },
                    value: Number(
                        NumberLit {
                            value: 0.0,
                            text: "0",
                        },
                    ),
                },
            },
        ],
    },
}
