---
source: crates/alder-parse/src/expression/postfix.rs
description: x? ?? y
---
Located {
    region: Region {
        start: Position {
            line: 1,
            column: 1,
        },
        end: Position {
            line: 1,
            column: 8,
        },
    },
    value: BinOps {
        operands: [
            BinOpOperand {
                expr: Located {
                    region: Region {
                        start: Position {
                            line: 1,
                            column: 1,
                        },
                        end: Position {
                            line: 1,
                            column: 3,
                        },
                    },
                    value: Try(
                        Located {
                            region: Region {
                                start: Position {
                                    line: 1,
                                    column: 1,
                                },
                                end: Position {
                                    line: 1,
                                    column: 2,
                                },
                            },
                            value: Var(
                                "x",
                            ),
                        },
                    ),
                },
                op: Located {
                    region: Region {
                        start: Position {
                            line: 1,
                            column: 4,
                        },
                        end: Position {
                            line: 1,
                            column: 6,
                        },
                    },
                    value: Coalesce,
                },
            },
        ],
        last: Located {
            region: Region {
                start: Position {
                    line: 1,
                    column: 7,
                },
                end: Position {
                    line: 1,
                    column: 8,
                },
            },
            value: Var(
                "y",
            ),
        },
    },
}
